https://lxfs2ra04a04.cern.ch/dpm/cern.ch/home/dteam/vector-sample.txt
https://lxfs2ra04a04.cern.ch/dpm/cern.ch/home/dteam/does-not-exist
srm://noho2st:8446/srm/managervs?SFN=/fake/path
https://lxf2sra04203.cern.ch/dpm/cern.ch/home/dteam/does-not-exist
gsiftp://noh2ost:8446/srm/managervs?SFN=/fake/path
https://lxfsr2a104a04.cern.ch/dpm/cern.ch/home/dteam/vector-sample.txt
https://lxfs2ra014a04.cern.ch/dpm/cern.ch/home/dteam/does-not-exist
srm://noho2s1t:8446/srm/managervs?SFN=/fake/path
https://lxf2s1ra04203.cern.ch/dpm/cern.ch/home/dteam/does-not-exist
gsiftp://noh2o1st:8446/srm/managervs?SFN=/fake/path
https://lxfs22ra04a04.cern.ch/dpm/cern.ch/home/dteam/vector-sample.txt
https://lxfsr22a04a04.cern.ch/dpm/cern.ch/home/dteam/does-not-exist
srm://noh2o2st:8446/srm/managervs?SFN=/fake/path
https://lx2f2sra04203.cern.ch/dpm/cern.ch/home/dteam/does-not-exist
gsiftp://no2h2ost:8446/srm/managervs?SFN=/fake/path
https://l1xf2sra04a04.cern.ch/dpm/cern.ch/home/dteam/vector-sample.txt
https://l1xfs2ra04a04.cern.ch/dpm/cern.ch/home/dteam/does-not-exist
srm://n1ohos2t:8446/srm/managervs?SFN=/fake/path
https://l1xfs2ra04203.cern.ch/dpm/cern.ch/home/dteam/does-not-exist
gsiftp://n1oho2st:8446/srm/managervs?SFN=/fake/path
https://lx1fsr2a104a04.cern.ch/dpm/cern.ch/home/dteam/vector-sample.txt
https://lxf1sr2a014a04.cern.ch/dpm/cern.ch/home/dteam/does-not-exist
srm://nohos121t:8446/srm/managervs?SFN=/fake/path
https://lxfs121ra04203.cern.ch/dpm/cern.ch/home/dteam/does-not-exist
gsiftp://noho121st:8446/srm/managervs?SFN=/fake/path
https://lxfs212ra04a04.cern.ch/dpm/cern.ch/home/dteam/vector-sample.txt
https://lxfsr122a04a04.cern.ch/dpm/cern.ch/home/dteam/does-not-exist
srm://noho22st1:8446/srm/managervs?SFN=/fake/path
https://lxf22sr1a04203.cern.ch/dpm/cern.ch/home/dteam/does-not-exist
gsiftp://noh22o1st:8446/srm/managervs?SFN=/fake/path
