https://lxfs2ra04a04.cern.ch/dpm/cern.ch/home/dteam/vector-sample.txt$TIMESTAMP
https://lxfs2ra04a04.cern.ch/dpm/cern.ch/home/dteam/does-not-exist$TIMESTAMP
srm://noho2st:8446/srm/managervs?SFN=/fake/path$TIMESTAMP
https://lxf2sra04203.cern.ch/dpm/cern.ch/home/dteam/does-not-exist$TIMESTAMP
gsiftp://noh2ost:8446/srm/managervs?SFN=/fake/path$TIMESTAMP
https://lxfsr2a104a04.cern.ch/dpm/cern.ch/home/dteam/vector-sample.txt$TIMESTAMP
https://lxfs2ra014a04.cern.ch/dpm/cern.ch/home/dteam/does-not-exist$TIMESTAMP
srm://noho2s1t:8446/srm/managervs?SFN=/fake/path$TIMESTAMP
https://lxf2s1ra04203.cern.ch/dpm/cern.ch/home/dteam/does-not-exist$TIMESTAMP
gsiftp://noh2o1st:8446/srm/managervs?SFN=/fake/path$TIMESTAMP
https://lxfs22ra04a04.cern.ch/dpm/cern.ch/home/dteam/vector-sample.txt$TIMESTAMP
https://lxfsr22a04a04.cern.ch/dpm/cern.ch/home/dteam/does-not-exist$TIMESTAMP
srm://noh2o2st:8446/srm/managervs?SFN=/fake/path$TIMESTAMP
https://lx2f2sra04203.cern.ch/dpm/cern.ch/home/dteam/does-not-exist$TIMESTAMP
gsiftp://no2h2ost:8446/srm/managervs?SFN=/fake/path$TIMESTAMP
https://l1xf2sra04a04.cern.ch/dpm/cern.ch/home/dteam/vector-sample.txt$TIMESTAMP
https://l1xfs2ra04a04.cern.ch/dpm/cern.ch/home/dteam/does-not-exist$TIMESTAMP
srm://n1ohos2t:8446/srm/managervs?SFN=/fake/path$TIMESTAMP
https://l1xfs2ra04203.cern.ch/dpm/cern.ch/home/dteam/does-not-exist$TIMESTAMP
gsiftp://n1oho2st:8446/srm/managervs?SFN=/fake/path$TIMESTAMP
https://lx1fsr2a104a04.cern.ch/dpm/cern.ch/home/dteam/vector-sample.txt$TIMESTAMP
https://lxf1sr2a014a04.cern.ch/dpm/cern.ch/home/dteam/does-not-exist$TIMESTAMP
srm://nohos121t:8446/srm/managervs?SFN=/fake/path$TIMESTAMP
https://lxfs121ra04203.cern.ch/dpm/cern.ch/home/dteam/does-not-exist$TIMESTAMP
gsiftp://noho121st:8446/srm/managervs?SFN=/fake/path$TIMESTAMP
https://lxfs212ra04a04.cern.ch/dpm/cern.ch/home/dteam/vector-sample.txt$TIMESTAMP
https://lxfsr122a04a04.cern.ch/dpm/cern.ch/home/dteam/does-not-exist$TIMESTAMP
srm://noho22st1:8446/srm/managervs?SFN=/fake/path$TIMESTAMP

